// Jest Snapshot v1, https://goo.gl/fbAQLP

exports[`Shortcutviewer renders the component 1`] = `
<div>
  <div
    class="viewer-noviewer"
    data-testid="no-viewer"
  >
    <svg
      class="styles__icon___23x3R"
      fill="none"
      height="140"
      viewBox="0 0 15 17"
      width="160"
    >
      <path
        d="M3.52 1.2h5.834l4.966 4.966V13.6a2.8 2.8 0 01-2.8 2.8h-8a2.8 2.8 0 01-2.8-2.8V4a2.8 2.8 0 012.8-2.8z"
        fill="#E8EDF3"
        stroke="#4F5B69"
        stroke-width="0.8"
      />
      <path
        d="M14.72 6.2L9.32.8v2.793c0 1.44 1.128 2.607 2.52 2.607h2.88z"
        fill="#4F5B69"
      />
      <path
        d="M4.695 14.05v-1.476L9.278 8a.78.78 0 01.23-.148.718.718 0 01.534 0 .61.61 0 01.226.156l.477.486c.07.064.12.14.152.226a.753.753 0 010 .525.65.65 0 01-.152.23L6.171 14.05H4.695zm5.07-4.583l.486-.486-.487-.487-.486.487.486.486z"
        fill="#4F5B69"
        fill-opacity="0.72"
      />
    </svg>
    <p
      class="viewer-filename"
    />
    <a
      class="styles__c-btn___3kXsk"
      href=""
      target="_blank"
    >
      <span>
        <svg
          aria-hidden="true"
          class="styles__icon___23x3R"
          focusable="false"
          height="16"
          viewBox="0 0 16 16"
          width="16"
        >
          <path
            d="M14.222 14.222H1.778V1.778H8V0H1.778C.79 0 0 .8 0 1.778v12.444C0 15.2.791 16 1.778 16h12.444C15.2 16 16 15.2 16 14.222V8h-1.778v6.222zM9.778 0v1.778h3.19l-8.737 8.738 1.253 1.253 8.738-8.738v3.191H16V0H9.778z"
          />
        </svg>
        <span>
          Go to 
        </span>
      </span>
    </a>
  </div>
</div>
`;
