// Jest Snapshot v1, https://goo.gl/fbAQLP

exports[`CategoryGridItem should match snapshot if selected and icon 1`] = `
<DocumentFragment>
  <div
    class="grid-item u-pb-half u-ph-half u-bxz  u-ellipsis u-c-pointer border-selected grid-item__selected"
  >
    <div
      class="styles__IconStack-wrapper___10dhG"
    >
      <svg
        class="styles__icon___23x3R"
        height="32"
        style="fill: var(--dodgerBlue);"
        width="32"
      >
        <use
          xlink:href="#file-duotone"
        />
      </svg>
      <div
        class="styles__IconStack-foregroundIcon___ZvY-t"
      >
        <svg
          class="styles__icon___23x3R"
          height="16"
          style="fill: var(--dodgerBlue);"
          width="16"
        >
          <use
            xlink:href="#car"
          />
        </svg>
      </div>
    </div>
    <div
      class="u-flex u-flex-column u-ellipsis u-bxz"
    >
      <span
        class="grid-item-theme u-ellipsis"
      >
        toto
      </span>
      <span
        class="grid-item-label u-ellipsis"
      >
        test
      </span>
    </div>
  </div>
</DocumentFragment>
`;
