// Jest Snapshot v1, https://goo.gl/fbAQLP

exports[`AccountsList should render 1`] = `
<ForwardRef(DialogContent)
  className="u-pb-2 u-pt-0 u-ph-0"
  classes={
    Object {
      "dividers": "MuiDialogContent-dividers",
      "root": "MuiDialogContent-root",
    }
  }
>
  <ul
    className="u-nolist u-p-0 u-m-0"
  >
    <li
      className="u-mb-half"
    >
      <AccountsListItem
        account={
          Object {
            "_id": "account-1",
          }
        }
        konnector={
          Object {
            "name": "test-konnector",
            "vendor_link": "test konnector link",
          }
        }
        onClick={[Function]}
        trigger={
          Object {
            "_id": "trigger-1",
          }
        }
      />
    </li>
    <li
      className="u-mb-half"
    >
      <AccountsListItem
        account={
          Object {
            "_id": "account-2",
          }
        }
        konnector={
          Object {
            "name": "test-konnector",
            "vendor_link": "test konnector link",
          }
        }
        onClick={[Function]}
        trigger={
          Object {
            "_id": "trigger-2",
          }
        }
      />
    </li>
    <li
      className="u-mb-half"
    >
      <Card
        className="u-p-0"
        tag="div"
      >
        <ForwardRef
          className="u-bdrs-4"
          fullWidth={true}
          icon={
            <Icon
              icon={[Function]}
              spin={false}
            />
          }
          label="modal.addAccount.button"
          onClick={[MockFunction]}
          variant="text"
        />
      </Card>
    </li>
  </ul>
</ForwardRef(DialogContent)>
`;
