// Jest Snapshot v1, https://goo.gl/fbAQLP

exports[`LaunchTriggerCard should render impossible to run message when konnector is clientSide without an accessible launcher 1`] = `"<div class=\\"styles__c-card___YgP7B\\"><div class=\\"u-flex u-flex-column-s\\"><ul class=\\"u-nolist u-m-0 u-mr-1 u-pl-0 u-flex-grow-1\\"><li class=\\"u-mb-half\\"><span class=\\"MuiTypography-root u-mr-half MuiTypography-caption MuiTypography-colorTextSecondary\\" style=\\"display: inline-block;\\">Update:</span><span class=\\"MuiTypography-root MuiTypography-caption MuiTypography-colorTextPrimary\\" style=\\"display: inline-block;\\">Last sync. unknown</span></li><div class=\\"styles__media___1rIBu styles__media--top___1t0j5\\"><div class=\\"styles__img___3sztD u-m-1\\"><svg viewBox=\\"0 0 16 16\\" class=\\"styles__icon___23x3R\\" width=\\"16\\" height=\\"16\\"><defs><path id=\\"info_svg__a\\" d=\\"M8 16A8 8 0 118 0a8 8 0 010 16zM7 4a1 1 0 102 0 1 1 0 10-2 0zm1 2H6v2h1v4a1 1 0 001 1h2v-2H9V7a1 1 0 00-1-1z\\"></path></defs><use fill-rule=\\"evenodd\\" xlink:href=\\"#info_svg__a\\"></use></svg></div><div class=\\"styles__bd___3SAX2 u-m-1\\"><p class=\\"MuiTypography-root MuiTypography-body1 MuiTypography-colorTextPrimary\\">To synchronize your testname data in your Cozy you must use the Cozy app on your phone or tablet.</p></div></div></ul></div></div>"`;

exports[`LaunchTriggerCard should render normally when konnector is not clientSide 1`] = `"<div class=\\"styles__c-card___YgP7B\\"><div class=\\"u-flex u-flex-column-s\\"><ul class=\\"u-nolist u-m-0 u-mr-1 u-pl-0 u-flex-grow-1\\"><li class=\\"u-mb-half\\"><span class=\\"MuiTypography-root u-mr-half MuiTypography-caption MuiTypography-colorTextSecondary\\" style=\\"display: inline-block;\\">Update:</span><span class=\\"MuiTypography-root MuiTypography-caption MuiTypography-colorTextPrimary\\" style=\\"display: inline-block;\\">Last sync. unknown</span></li><li class=\\"u-mb-half\\"><span class=\\"MuiTypography-root u-mr-half MuiTypography-caption MuiTypography-colorTextSecondary\\" style=\\"display: inline-block;\\">Frequency:</span><span class=\\"MuiTypography-root MuiTypography-caption MuiTypography-colorTextPrimary\\" style=\\"display: inline-block;\\">Once a week</span></li></ul><div><button style=\\"line-height: 1.4;\\" type=\\"submit\\" class=\\"styles__c-btn___3kXsk styles__c-btn--subtle___2rRQ0 styles__c-btn--center___Nny0n u-mh-0 u-mv-0\\"><span><svg viewBox=\\"0 0 16 16\\" class=\\"styles__icon___23x3R\\" width=\\"16\\" height=\\"16\\" focusable=\\"false\\"><path fill-rule=\\"evenodd\\" d=\\"M16 7.2V3c0-.6-.4-1-1-1-.5 0-.8.3-.9.7A8.09 8.09 0 008 0C4.9 0 2 1.8.7 4.6c-.2.5 0 1.1.5 1.3.5.2 1.1 0 1.3-.5C3.5 3.4 5.6 2 8 2c1.5 0 3 .6 4 1.5-.3 0-.6.1-.8.3-.4.4-.3 1.1.1 1.4l3 2.5h.1c.1.1.2.1.3.1h.4c.1 0 .2-.1.3-.1h.1c.1-.1.2-.1.2-.2.2 0 .2-.1.3-.3 0 .1 0 0 0 0m-1.2 2.9c-.5-.2-1.1 0-1.3.5A6 6 0 018 14c-1.5 0-2.9-.6-4-1.5.3 0 .5-.1.7-.4.4-.4.3-1.1-.1-1.4l-3-2.5h-.1L1.3 8h-.1c-.2 0-.5 0-.7.1H.4c-.1.1-.1.2-.2.3-.1.1-.1.2-.2.3V13c0 .6.4 1 1 1 .5 0 .9-.3 1-.8C3.5 14.9 5.6 16 8 16c3.1 0 5.9-1.8 7.3-4.5.2-.5 0-1.1-.5-1.4\\"></path></svg><span>Synchronize</span></span></button></div></div></div>"`;
