// Jest Snapshot v1, https://goo.gl/fbAQLP

exports[`DeleteAccountButton should render without listeners 1`] = `
<Button
  align="center"
  busy={false}
  disabled={false}
  label="Mock button label"
  onClick={[Function]}
  size="normal"
  tag="button"
  theme="danger-outline"
  type="submit"
/>
`;
