// Jest Snapshot v1, https://goo.gl/fbAQLP

exports[`KonnectorSuccess should render the success image 1`] = `
<ConnectingIllu
  className="u-w-4 u-h-4"
  viewBox="0 0 120 112"
  xmlns="http://www.w3.org/2000/svg"
  xmlnsXlink="http://www.w3.org/1999/xlink"
/>
`;

exports[`KonnectorSuccess should show apps in the correct order 1`] = `
<DescriptionContent
  message="account.success.connect"
  title="account.success.title"
>
  <p
    className="u-mv-half"
  >
    <withQuery(withI18n(withLocales(BanksLinkRedirectStore))) />
    <withQuery(withI18n(DriveLink))
      folderId="/path"
    />
  </p>
</DescriptionContent>
`;
