// Jest Snapshot v1, https://goo.gl/fbAQLP

exports[`TwoFAForm should have busy button state and disabled if submitting 1`] = `
<DefaultButton
  busy={true}
  className="u-mt-1"
  disabled={true}
  extension="full"
  label="twoFAForm.CTA"
  onClick={[Function]}
/>
`;

exports[`TwoFAForm should render correctly with value change 1`] = `
<Modal
  className="u-mt-3"
  closable={true}
  containerClassName="u-pos-absolute"
  into="body"
  mobileFullscreen={true}
  overflowHidden={false}
  primaryType="regular"
  secondaryType="secondary"
  size="xsmall"
>
  <ModalHeader>
    <withClient(AppIcon)
      className="u-mah-3 u-ml-1"
      fetchIcon={[Function]}
    />
  </ModalHeader>
  <ModalContent>
    <form
      onSubmit={[Function]}
    >
      <ForwardRef
        className="u-mb-1 u-mt-half u-ta-center"
        ellipsis={false}
        tag="div"
      >
        twoFAForm.title.default
      </ForwardRef>
      <ForwardRef
        ellipsis={false}
        tag="div"
      >
        twoFAForm.desc
      </ForwardRef>
      <Field
        autoComplete="off"
        className="u-mt-0 u-mb-0"
        error={false}
        fieldProps={Object {}}
        fullwidth={true}
        id=""
        label="twoFAForm.code.label"
        labelProps={Object {}}
        onChange={[Function]}
        placeholder=""
        secondaryLabels={Object {}}
        size="medium"
        type="text"
        value="Cozy2FA"
      />
      <DefaultButton
        className="u-mt-1"
        disabled={false}
        extension="full"
        label="twoFAForm.CTA"
        onClick={[Function]}
      />
    </form>
  </ModalContent>
</Modal>
`;
