// Jest Snapshot v1, https://goo.gl/fbAQLP

exports[`KonnectorAccounts should show a spinner 1`] = `
<React.Fragment>
  <KonnectorModalHeader
    konnector={Object {}}
  />
  <ForwardRef(WithStyles)
    className="u-pb-2"
  >
    <div
      className="u-pv-2 u-ta-center"
    >
      <ForwardRef
        size="xxlarge"
      />
    </div>
  </ForwardRef(WithStyles)>
</React.Fragment>
`;
