// Jest Snapshot v1, https://goo.gl/fbAQLP

exports[`KonnectorSuccess should render the success image 1`] = `
<ConnectingIllu
  className="u-w-4 u-h-4"
  id="ehzj6171x7w1"
  shapeRendering="geometricPrecision"
  textRendering="geometricPrecision"
  viewBox="0 0 136 125"
  xmlns="http://www.w3.org/2000/svg"
  xmlnsXlink="http://www.w3.org/1999/xlink"
/>
`;

exports[`KonnectorSuccess should show apps in the correct order 1`] = `
<DescriptionContent
  message="account.success.connect"
  title="account.success.title"
>
  <p
    className="u-mv-half"
  >
    <withClient(withI18n(withLocales(BanksLinkRedirectStore))) />
  </p>
</DescriptionContent>
`;
