// Jest Snapshot v1, https://goo.gl/fbAQLP

exports[`ShareRecipientsInput component should include groups only if all contacts are loaded 1`] = `
<ShareAutocomplete
  contactsAndGroups={
    Array [
      Object {
        "_id": "df563cc4-6440",
        "_type": "io.cozy.contacts",
        "id": "df563cc4-6440",
        "name": Object {
          "familyName": "Russel",
          "givenName": "Michale",
        },
      },
      Object {
        "_id": "5a3b4ccf-c257",
        "_type": "io.cozy.contacts",
        "id": "5a3b4ccf-c257",
        "name": Object {
          "familyName": "Wolf",
          "givenName": "Teagan",
        },
      },
    ]
  }
  loading={false}
  onFocus={[Function]}
  onPick={[MockFunction onPick]}
  onRemove={[MockFunction onRemove]}
  placeholder="Enter recipients here"
  recipients={
    Array [
      Object {
        "id": "5a3b4ccf-c257",
        "name": Object {
          "familyName": "Wolf",
          "givenName": "Teagan",
        },
      },
    ]
  }
/>
`;

exports[`ShareRecipientsInput component should match snapshot 1`] = `
<ShareAutocomplete
  contactsAndGroups={
    Array [
      Object {
        "_id": "df563cc4-6440",
        "_type": "io.cozy.contacts",
        "id": "df563cc4-6440",
        "name": Object {
          "familyName": "Russel",
          "givenName": "Michale",
        },
      },
      Object {
        "_id": "5a3b4ccf-c257",
        "_type": "io.cozy.contacts",
        "id": "5a3b4ccf-c257",
        "name": Object {
          "familyName": "Wolf",
          "givenName": "Teagan",
        },
      },
      Object {
        "_id": "fe86af20-c6c5",
        "_type": "io.cozy.contacts.groups",
        "id": "fe86af20-c6c5",
        "name": "The Night's Watch",
      },
      Object {
        "_id": "3d8193ab-2ce4",
        "_type": "io.cozy.contacts.groups",
        "id": "3d8193ab-2ce4",
        "name": "The North",
      },
    ]
  }
  loading={false}
  onFocus={[Function]}
  onPick={[MockFunction onPick]}
  onRemove={[MockFunction onRemove]}
  placeholder="Enter recipients here"
  recipients={
    Array [
      Object {
        "id": "5a3b4ccf-c257",
        "name": Object {
          "familyName": "Wolf",
          "givenName": "Teagan",
        },
      },
    ]
  }
/>
`;
