// Jest Snapshot v1, https://goo.gl/fbAQLP

exports[`FieldTemplate component should match snapshot 1`] = `
<div>
  <Label
    block={true}
    className=""
    error={false}
    htmlFor="123"
  >
    My field 
  </Label>
  <input
    name="foobar"
  />
</div>
`;
