// Jest Snapshot v1, https://goo.gl/fbAQLP

exports[`InputAdapter component should match snapshot 1`] = `
<Input
  error={false}
  fullwidth={false}
  onBlur={[Function]}
  onChange={[Function]}
  onFocus={[Function]}
  size="large"
  type="text"
/>
`;
