// Jest Snapshot v1, https://goo.gl/fbAQLP

exports[`ObjectFieldTemplate component should match snapshot 1`] = `
<div>
  <div
    className="property-wrapper"
    key="foo"
  >
    <span>
      Foo
    </span>
  </div>
  <div
    className="property-wrapper"
    key="bar"
  >
    <span>
      Bar
    </span>
  </div>
</div>
`;
