// Jest Snapshot v1, https://goo.gl/fbAQLP

exports[`CompletedFromMyselfStatus component should display a status if there are some completed data 1`] = `
<CompletedFromMyselfStatus
  completed={5}
  t={[Function]}
  total={10}
>
  <div>
    <span
      className="u-weirdGreen"
    >
      personalDataForm.completedStatus.main {"smart_count":5,"total":10}
    </span>
     
    personalDataForm.completedStatus.rest {"smart_count":5}
  </div>
</CompletedFromMyselfStatus>
`;
