// Jest Snapshot v1, https://goo.gl/fbAQLP

exports[`FormFillingStatus component should display a status if there are some completed data 1`] = `
<FormFillingStatus
  completed="5"
  t={[Function]}
  total="10"
>
  <div>
    <span
      className="u-weirdGreen"
    >
      personalDataForm.completedStatus.main {"completed":"5","total":"10"}
    </span>
     
    personalDataForm.completedStatus.rest undefined
  </div>
</FormFillingStatus>
`;
