// Jest Snapshot v1, https://goo.gl/fbAQLP

exports[`Account mutations watchAccount should return an account watcher with correct properties 1`] = `
KonnectorAccountWatcher {
  "account": Object {
    "accountType": "dummy",
    "auth": Object {},
  },
  "handleAccountUpdated": [Function],
  "options": Object {
    "onError": [MockFunction],
    "onLoginSuccess": [MockFunction],
    "onSuccess": [MockFunction],
  },
  "realtime": CozyRealtime {
    "_beforeUnload": [Function],
    "_cozyClient": Object {
      "collection": [MockFunction],
      "create": [MockFunction],
      "destroy": [MockFunction],
      "find": [MockFunction],
      "on": [Function],
      "options": Object {
        "uri": "cozy.tools:8080",
      },
      "query": [MockFunction],
      "save": [MockFunction],
      "stackClient": Object {
        "token": Object {
          "token": "1234abcd",
        },
        "uri": "cozy.tools:8080",
      },
      "where": [MockFunction],
    },
    "_events": Object {
      "updated//io.cozy.accounts//undefined": Array [
        [Function],
      ],
    },
    "_receiveError": [Function],
    "_receiveMessage": [Function],
    "_resetSocket": [Function],
    "_resubscribe": [Function],
    "_retryDelay": 1000,
    "_retryLimit": 60,
    "_socket": Socket {
      "_doctype": "io.cozy.websocket",
      "_events": Object {
        "close": Array [
          [Function],
        ],
        "error": Array [
          [Function],
        ],
        "message": Array [
          [Function],
        ],
        "subscribe_io.cozy.accounts_undefined": Array [
          [Function],
        ],
      },
      "_getToken": [Function],
      "_getUrl": [Function],
      "_token": null,
      "_url": null,
      "_webSocket": WebSocket {},
      "removeAllListeners": [Function],
    },
    "_updateAuthentication": [Function],
    "unsubscribeAll": [Function],
  },
}
`;
